// Jest Snapshot v1, https://goo.gl/fbAQLP

exports[`Home 1`] = `
.c0 {
  background: blue;
}

<div
  class="c0"
>
  <h1>
    Hello
  </h1>
</div>
`;
