// Jest Snapshot v1, https://goo.gl/fbAQLP

exports[`<Footer/> should match with snapshot 1`] = `
.c0 a {
  color: inherit;
  -webkit-text-decoration: none;
  text-decoration: none;
  font-size: 1.6rem;
  text-align: center;
}

.c2 {
  font-size: 2.4rem;
}

.c1 {
  max-width: 120rem;
  margin: 0 auto;
  padding: 3.2rem;
}

<div>
  <div
    class="c0"
  >
    <section
      class="c1"
    >
      <footer
        class="c2"
      >
        <h1>
          Hello world
        </h1>
      </footer>
    </section>
  </div>
</div>
`;
